--------------------------------------------------------------------------------
Release 9.1i Trace 
Copyright (c) 1995-2007 Xilinx, Inc.  All rights reserved.

C:\Xilinx91i\bin\nt\trce.exe -ise C:/Xilinx91i/lab7/lab7.ise -intstyle ise -e 3
-s 4 -xml alublock alublock.ncd -o alublock.twr alublock.pcf

Design file:              alublock.ncd
Physical constraint file: alublock.pcf
Device,package,speed:     xc3s500e,pq208,-4 (PRODUCTION 1.26 2006-10-19)
Report level:             error report

Environment Variable      Effect 
--------------------      ------ 
NONE                      No environment variables were set
--------------------------------------------------------------------------------

INFO:Timing:2698 - No timing constraints found, doing default enumeration.
INFO:Timing:2752 - To get complete path coverage, use the unconstrained paths 
   option. All paths that are not constrained will be reported in the 
   unconstrained paths section(s) of the report.
INFO:Timing:3339 - The clock-to-out numbers in this timing report are based on 
   a 50 Ohm transmission line loading model.  For the details of this model, 
   and for more information on accounting for different loading conditions, 
   please see the device datasheet.



Data Sheet report:
-----------------
All values displayed in nanoseconds (ns)

Setup/Hold to clock Reg_C
------------+------------+------------+------------------+--------+
            |  Setup to  |  Hold to   |                  | Clock  |
Source      | clk (edge) | clk (edge) |Internal Clock(s) | Phase  |
------------+------------+------------+------------------+--------+
IR_O<0>     |   19.560(R)|   -1.716(R)|Reg_C_BUFGP       |   0.000|
IR_O<1>     |   19.847(R)|   -2.141(R)|Reg_C_BUFGP       |   0.000|
IR_O<2>     |   18.703(R)|   -1.424(R)|Reg_C_BUFGP       |   0.000|
IR_O<3>     |   15.901(R)|   -1.798(R)|Reg_C_BUFGP       |   0.000|
IR_O<4>     |   15.443(R)|   -2.062(R)|Reg_C_BUFGP       |   0.000|
IR_O<5>     |   15.129(R)|   -1.057(R)|Reg_C_BUFGP       |   0.000|
IR_O<6>     |   15.485(R)|   -1.301(R)|Reg_C_BUFGP       |   0.000|
IR_O<7>     |   14.989(R)|   -1.066(R)|Reg_C_BUFGP       |   0.000|
IR_O<8>     |   19.655(R)|   -9.651(R)|Reg_C_BUFGP       |   0.000|
IR_O<9>     |   19.895(R)|   -9.510(R)|Reg_C_BUFGP       |   0.000|
IR_O<10>    |   19.464(R)|   -9.188(R)|Reg_C_BUFGP       |   0.000|
IR_O<11>    |   12.722(R)|   -2.069(R)|Reg_C_BUFGP       |   0.000|
IR_O<12>    |   14.137(R)|   -1.610(R)|Reg_C_BUFGP       |   0.000|
IR_O<13>    |   13.832(R)|   -2.355(R)|Reg_C_BUFGP       |   0.000|
IR_O<14>    |   11.773(R)|   -1.713(R)|Reg_C_BUFGP       |   0.000|
IR_O<15>    |   12.930(R)|   -1.481(R)|Reg_C_BUFGP       |   0.000|
PC_O<0>     |    5.397(R)|   -0.994(R)|Reg_C_BUFGP       |   0.000|
PC_O<1>     |    5.608(R)|   -1.678(R)|Reg_C_BUFGP       |   0.000|
PC_O<2>     |    6.311(R)|   -1.975(R)|Reg_C_BUFGP       |   0.000|
PC_O<3>     |    6.250(R)|   -2.522(R)|Reg_C_BUFGP       |   0.000|
PC_O<4>     |    6.318(R)|   -2.390(R)|Reg_C_BUFGP       |   0.000|
PC_O<5>     |    5.587(R)|   -1.773(R)|Reg_C_BUFGP       |   0.000|
PC_O<6>     |    6.230(R)|   -2.261(R)|Reg_C_BUFGP       |   0.000|
PC_O<7>     |    5.400(R)|   -2.207(R)|Reg_C_BUFGP       |   0.000|
PC_O<8>     |    4.425(R)|   -1.585(R)|Reg_C_BUFGP       |   0.000|
PC_O<9>     |    4.313(R)|   -1.297(R)|Reg_C_BUFGP       |   0.000|
PC_O<10>    |    5.950(R)|   -2.518(R)|Reg_C_BUFGP       |   0.000|
PC_O<11>    |    5.972(R)|   -2.808(R)|Reg_C_BUFGP       |   0.000|
PC_O<12>    |    4.026(R)|   -1.099(R)|Reg_C_BUFGP       |   0.000|
PC_O<13>    |    5.264(R)|   -2.622(R)|Reg_C_BUFGP       |   0.000|
PC_O<14>    |    5.637(R)|   -2.781(R)|Reg_C_BUFGP       |   0.000|
PC_O<15>    |    5.004(R)|   -2.785(R)|Reg_C_BUFGP       |   0.000|
reset       |    9.120(R)|   -3.447(R)|Reg_C_BUFGP       |   0.000|
------------+------------+------------+------------------+--------+

Setup/Hold to clock Reg_N<0>
------------+------------+------------+------------------+--------+
            |  Setup to  |  Hold to   |                  | Clock  |
Source      | clk (edge) | clk (edge) |Internal Clock(s) | Phase  |
------------+------------+------------+------------------+--------+
Reg_I<0>    |   -2.403(R)|    4.521(R)|R_0_not0001       |   0.000|
            |   -1.900(F)|    4.227(F)|R_1_cmp_eq0000    |   0.000|
            |   -1.474(F)|    3.693(F)|R_2_cmp_eq0000    |   0.000|
            |   -1.386(F)|    3.516(F)|R_3_cmp_eq0000    |   0.000|
            |   -2.269(F)|    4.516(F)|R_4_cmp_eq0000    |   0.000|
            |   -1.878(F)|    4.027(F)|R_5_cmp_eq0000    |   0.000|
            |    0.406(F)|    3.939(F)|R_6_cmp_eq0000    |   0.000|
            |    0.394(F)|    3.954(F)|R_7_cmp_eq0000    |   0.000|
Reg_I<1>    |   -1.577(R)|    3.860(R)|R_0_not0001       |   0.000|
            |   -1.825(F)|    4.166(F)|R_1_cmp_eq0000    |   0.000|
            |   -1.399(F)|    3.632(F)|R_2_cmp_eq0000    |   0.000|
            |   -2.036(F)|    4.036(F)|R_3_cmp_eq0000    |   0.000|
            |   -2.109(F)|    4.389(F)|R_4_cmp_eq0000    |   0.000|
            |   -1.718(F)|    3.900(F)|R_5_cmp_eq0000    |   0.000|
            |    0.189(F)|    4.210(F)|R_6_cmp_eq0000    |   0.000|
            |    0.176(F)|    4.226(F)|R_7_cmp_eq0000    |   0.000|
Reg_I<2>    |   -2.386(R)|    4.532(R)|R_0_not0001       |   0.000|
            |   -2.560(F)|    4.755(F)|R_1_cmp_eq0000    |   0.000|
            |   -2.641(F)|    4.850(F)|R_2_cmp_eq0000    |   0.000|
            |   -1.734(F)|    3.984(F)|R_3_cmp_eq0000    |   0.000|
            |   -1.819(F)|    4.199(F)|R_4_cmp_eq0000    |   0.000|
            |   -1.982(F)|    4.402(F)|R_5_cmp_eq0000    |   0.000|
            |    0.193(F)|    4.206(F)|R_6_cmp_eq0000    |   0.000|
            |    0.181(F)|    4.221(F)|R_7_cmp_eq0000    |   0.000|
Reg_I<3>    |   -2.515(R)|    4.635(R)|R_0_not0001       |   0.000|
            |   -2.424(F)|    4.646(F)|R_1_cmp_eq0000    |   0.000|
            |   -2.770(F)|    4.953(F)|R_2_cmp_eq0000    |   0.000|
            |   -2.092(F)|    4.271(F)|R_3_cmp_eq0000    |   0.000|
            |   -2.427(F)|    4.686(F)|R_4_cmp_eq0000    |   0.000|
            |   -2.590(F)|    4.889(F)|R_5_cmp_eq0000    |   0.000|
            |    0.044(F)|    4.392(F)|R_6_cmp_eq0000    |   0.000|
            |    0.071(F)|    4.357(F)|R_7_cmp_eq0000    |   0.000|
Reg_I<4>    |   -2.723(R)|    4.782(R)|R_0_not0001       |   0.000|
            |   -3.263(F)|    5.319(F)|R_1_cmp_eq0000    |   0.000|
            |   -3.318(F)|    5.392(F)|R_2_cmp_eq0000    |   0.000|
            |   -2.579(F)|    4.468(F)|R_3_cmp_eq0000    |   0.000|
            |   -1.877(F)|    3.930(F)|R_4_cmp_eq0000    |   0.000|
            |   -2.508(F)|    4.718(F)|R_5_cmp_eq0000    |   0.000|
            |    0.406(F)|    3.939(F)|R_6_cmp_eq0000    |   0.000|
            |    0.394(F)|    3.954(F)|R_7_cmp_eq0000    |   0.000|
Reg_I<5>    |   -1.984(R)|    4.190(R)|R_0_not0001       |   0.000|
            |   -1.974(F)|    4.287(F)|R_1_cmp_eq0000    |   0.000|
            |   -2.292(F)|    4.571(F)|R_2_cmp_eq0000    |   0.000|
            |   -1.553(F)|    3.647(F)|R_3_cmp_eq0000    |   0.000|
            |   -1.582(F)|    3.695(F)|R_4_cmp_eq0000    |   0.000|
            |   -2.213(F)|    4.483(F)|R_5_cmp_eq0000    |   0.000|
            |    0.044(F)|    4.392(F)|R_6_cmp_eq0000    |   0.000|
            |    0.071(F)|    4.357(F)|R_7_cmp_eq0000    |   0.000|
Reg_I<6>    |   -2.682(R)|    4.743(R)|R_0_not0001       |   0.000|
            |   -2.098(F)|    4.384(F)|R_1_cmp_eq0000    |   0.000|
            |   -2.697(F)|    4.894(F)|R_2_cmp_eq0000    |   0.000|
            |   -1.429(F)|    3.547(F)|R_3_cmp_eq0000    |   0.000|
            |   -2.714(F)|    4.915(F)|R_4_cmp_eq0000    |   0.000|
            |   -2.213(F)|    4.283(F)|R_5_cmp_eq0000    |   0.000|
            |    0.198(F)|    4.199(F)|R_6_cmp_eq0000    |   0.000|
            |    0.185(F)|    4.216(F)|R_7_cmp_eq0000    |   0.000|
Reg_I<7>    |   -2.483(R)|    4.583(R)|R_0_not0001       |   0.000|
            |   -2.532(F)|    4.731(F)|R_1_cmp_eq0000    |   0.000|
            |   -2.350(F)|    4.616(F)|R_2_cmp_eq0000    |   0.000|
            |   -1.863(F)|    3.894(F)|R_3_cmp_eq0000    |   0.000|
            |   -2.367(F)|    4.637(F)|R_4_cmp_eq0000    |   0.000|
            |   -1.999(F)|    4.112(F)|R_5_cmp_eq0000    |   0.000|
            |    0.193(F)|    4.206(F)|R_6_cmp_eq0000    |   0.000|
            |    0.181(F)|    4.221(F)|R_7_cmp_eq0000    |   0.000|
------------+------------+------------+------------------+--------+

Setup/Hold to clock Reg_N<1>
------------+------------+------------+------------------+--------+
            |  Setup to  |  Hold to   |                  | Clock  |
Source      | clk (edge) | clk (edge) |Internal Clock(s) | Phase  |
------------+------------+------------+------------------+--------+
Reg_I<0>    |   -1.810(R)|    3.779(R)|R_0_not0001       |   0.000|
            |   -1.335(F)|    3.520(F)|R_1_cmp_eq0000    |   0.000|
            |   -1.059(F)|    3.175(F)|R_2_cmp_eq0000    |   0.000|
            |   -0.925(F)|    2.940(F)|R_3_cmp_eq0000    |   0.000|
            |   -1.941(F)|    4.107(F)|R_4_cmp_eq0000    |   0.000|
            |   -1.518(F)|    3.578(F)|R_5_cmp_eq0000    |   0.000|
            |    0.492(F)|    3.831(F)|R_6_cmp_eq0000    |   0.000|
            |    0.512(F)|    3.806(F)|R_7_cmp_eq0000    |   0.000|
Reg_I<1>    |   -0.984(R)|    3.118(R)|R_0_not0001       |   0.000|
            |   -1.260(F)|    3.459(F)|R_1_cmp_eq0000    |   0.000|
            |   -0.984(F)|    3.114(F)|R_2_cmp_eq0000    |   0.000|
            |   -1.575(F)|    3.460(F)|R_3_cmp_eq0000    |   0.000|
            |   -1.781(F)|    3.980(F)|R_4_cmp_eq0000    |   0.000|
            |   -1.358(F)|    3.451(F)|R_5_cmp_eq0000    |   0.000|
            |    0.275(F)|    4.102(F)|R_6_cmp_eq0000    |   0.000|
            |    0.294(F)|    4.078(F)|R_7_cmp_eq0000    |   0.000|
Reg_I<2>    |   -1.793(R)|    3.790(R)|R_0_not0001       |   0.000|
            |   -1.995(F)|    4.048(F)|R_1_cmp_eq0000    |   0.000|
            |   -2.226(F)|    4.332(F)|R_2_cmp_eq0000    |   0.000|
            |   -1.273(F)|    3.408(F)|R_3_cmp_eq0000    |   0.000|
            |   -1.491(F)|    3.790(F)|R_4_cmp_eq0000    |   0.000|
            |   -1.622(F)|    3.953(F)|R_5_cmp_eq0000    |   0.000|
            |    0.279(F)|    4.098(F)|R_6_cmp_eq0000    |   0.000|
            |    0.299(F)|    4.073(F)|R_7_cmp_eq0000    |   0.000|
Reg_I<3>    |   -1.922(R)|    3.893(R)|R_0_not0001       |   0.000|
            |   -1.859(F)|    3.939(F)|R_1_cmp_eq0000    |   0.000|
            |   -2.355(F)|    4.435(F)|R_2_cmp_eq0000    |   0.000|
            |   -1.631(F)|    3.695(F)|R_3_cmp_eq0000    |   0.000|
            |   -2.099(F)|    4.277(F)|R_4_cmp_eq0000    |   0.000|
            |   -2.230(F)|    4.440(F)|R_5_cmp_eq0000    |   0.000|
            |    0.130(F)|    4.284(F)|R_6_cmp_eq0000    |   0.000|
            |    0.189(F)|    4.209(F)|R_7_cmp_eq0000    |   0.000|
Reg_I<4>    |   -2.130(R)|    4.040(R)|R_0_not0001       |   0.000|
            |   -2.698(F)|    4.612(F)|R_1_cmp_eq0000    |   0.000|
            |   -2.903(F)|    4.874(F)|R_2_cmp_eq0000    |   0.000|
            |   -2.118(F)|    3.892(F)|R_3_cmp_eq0000    |   0.000|
            |   -1.549(F)|    3.521(F)|R_4_cmp_eq0000    |   0.000|
            |   -2.148(F)|    4.269(F)|R_5_cmp_eq0000    |   0.000|
            |    0.492(F)|    3.831(F)|R_6_cmp_eq0000    |   0.000|
            |    0.512(F)|    3.806(F)|R_7_cmp_eq0000    |   0.000|
Reg_I<5>    |   -1.391(R)|    3.448(R)|R_0_not0001       |   0.000|
            |   -1.409(F)|    3.580(F)|R_1_cmp_eq0000    |   0.000|
            |   -1.877(F)|    4.053(F)|R_2_cmp_eq0000    |   0.000|
            |   -1.092(F)|    3.071(F)|R_3_cmp_eq0000    |   0.000|
            |   -1.254(F)|    3.286(F)|R_4_cmp_eq0000    |   0.000|
            |   -1.853(F)|    4.034(F)|R_5_cmp_eq0000    |   0.000|
            |    0.130(F)|    4.284(F)|R_6_cmp_eq0000    |   0.000|
            |    0.189(F)|    4.209(F)|R_7_cmp_eq0000    |   0.000|
Reg_I<6>    |   -2.089(R)|    4.001(R)|R_0_not0001       |   0.000|
            |   -1.533(F)|    3.677(F)|R_1_cmp_eq0000    |   0.000|
            |   -2.282(F)|    4.376(F)|R_2_cmp_eq0000    |   0.000|
            |   -0.968(F)|    2.971(F)|R_3_cmp_eq0000    |   0.000|
            |   -2.386(F)|    4.506(F)|R_4_cmp_eq0000    |   0.000|
            |   -1.853(F)|    3.834(F)|R_5_cmp_eq0000    |   0.000|
            |    0.284(F)|    4.091(F)|R_6_cmp_eq0000    |   0.000|
            |    0.303(F)|    4.068(F)|R_7_cmp_eq0000    |   0.000|
Reg_I<7>    |   -1.890(R)|    3.841(R)|R_0_not0001       |   0.000|
            |   -1.967(F)|    4.024(F)|R_1_cmp_eq0000    |   0.000|
            |   -1.935(F)|    4.098(F)|R_2_cmp_eq0000    |   0.000|
            |   -1.402(F)|    3.318(F)|R_3_cmp_eq0000    |   0.000|
            |   -2.039(F)|    4.228(F)|R_4_cmp_eq0000    |   0.000|
            |   -1.639(F)|    3.663(F)|R_5_cmp_eq0000    |   0.000|
            |    0.279(F)|    4.098(F)|R_6_cmp_eq0000    |   0.000|
            |    0.299(F)|    4.073(F)|R_7_cmp_eq0000    |   0.000|
------------+------------+------------+------------------+--------+

Setup/Hold to clock Reg_N<2>
------------+------------+------------+------------------+--------+
            |  Setup to  |  Hold to   |                  | Clock  |
Source      | clk (edge) | clk (edge) |Internal Clock(s) | Phase  |
------------+------------+------------+------------------+--------+
Reg_I<0>    |   -2.047(R)|    4.075(R)|R_0_not0001       |   0.000|
            |   -1.592(F)|    3.841(F)|R_1_cmp_eq0000    |   0.000|
            |   -2.051(F)|    4.414(F)|R_2_cmp_eq0000    |   0.000|
            |   -1.911(F)|    4.172(F)|R_3_cmp_eq0000    |   0.000|
            |   -2.801(F)|    5.182(F)|R_4_cmp_eq0000    |   0.000|
            |   -2.358(F)|    4.628(F)|R_5_cmp_eq0000    |   0.000|
            |    0.727(F)|    3.538(F)|R_6_cmp_eq0000    |   0.000|
            |    0.767(F)|    3.488(F)|R_7_cmp_eq0000    |   0.000|
Reg_I<1>    |   -1.221(R)|    3.414(R)|R_0_not0001       |   0.000|
            |   -1.517(F)|    3.780(F)|R_1_cmp_eq0000    |   0.000|
            |   -1.976(F)|    4.353(F)|R_2_cmp_eq0000    |   0.000|
            |   -2.561(F)|    4.692(F)|R_3_cmp_eq0000    |   0.000|
            |   -2.641(F)|    5.055(F)|R_4_cmp_eq0000    |   0.000|
            |   -2.198(F)|    4.501(F)|R_5_cmp_eq0000    |   0.000|
            |    0.510(F)|    3.809(F)|R_6_cmp_eq0000    |   0.000|
            |    0.549(F)|    3.760(F)|R_7_cmp_eq0000    |   0.000|
Reg_I<2>    |   -2.030(R)|    4.086(R)|R_0_not0001       |   0.000|
            |   -2.252(F)|    4.369(F)|R_1_cmp_eq0000    |   0.000|
            |   -3.218(F)|    5.571(F)|R_2_cmp_eq0000    |   0.000|
            |   -2.259(F)|    4.640(F)|R_3_cmp_eq0000    |   0.000|
            |   -2.351(F)|    4.865(F)|R_4_cmp_eq0000    |   0.000|
            |   -2.462(F)|    5.003(F)|R_5_cmp_eq0000    |   0.000|
            |    0.514(F)|    3.805(F)|R_6_cmp_eq0000    |   0.000|
            |    0.554(F)|    3.755(F)|R_7_cmp_eq0000    |   0.000|
Reg_I<3>    |   -2.159(R)|    4.189(R)|R_0_not0001       |   0.000|
            |   -2.116(F)|    4.260(F)|R_1_cmp_eq0000    |   0.000|
            |   -3.347(F)|    5.674(F)|R_2_cmp_eq0000    |   0.000|
            |   -2.617(F)|    4.927(F)|R_3_cmp_eq0000    |   0.000|
            |   -2.959(F)|    5.352(F)|R_4_cmp_eq0000    |   0.000|
            |   -3.070(F)|    5.490(F)|R_5_cmp_eq0000    |   0.000|
            |    0.365(F)|    3.991(F)|R_6_cmp_eq0000    |   0.000|
            |    0.444(F)|    3.891(F)|R_7_cmp_eq0000    |   0.000|
Reg_I<4>    |   -2.367(R)|    4.336(R)|R_0_not0001       |   0.000|
            |   -2.955(F)|    4.933(F)|R_1_cmp_eq0000    |   0.000|
            |   -3.895(F)|    6.113(F)|R_2_cmp_eq0000    |   0.000|
            |   -3.104(F)|    5.124(F)|R_3_cmp_eq0000    |   0.000|
            |   -2.409(F)|    4.596(F)|R_4_cmp_eq0000    |   0.000|
            |   -2.988(F)|    5.319(F)|R_5_cmp_eq0000    |   0.000|
            |    0.727(F)|    3.538(F)|R_6_cmp_eq0000    |   0.000|
            |    0.767(F)|    3.488(F)|R_7_cmp_eq0000    |   0.000|
Reg_I<5>    |   -1.628(R)|    3.744(R)|R_0_not0001       |   0.000|
            |   -1.666(F)|    3.901(F)|R_1_cmp_eq0000    |   0.000|
            |   -2.869(F)|    5.292(F)|R_2_cmp_eq0000    |   0.000|
            |   -2.078(F)|    4.303(F)|R_3_cmp_eq0000    |   0.000|
            |   -2.114(F)|    4.361(F)|R_4_cmp_eq0000    |   0.000|
            |   -2.693(F)|    5.084(F)|R_5_cmp_eq0000    |   0.000|
            |    0.365(F)|    3.991(F)|R_6_cmp_eq0000    |   0.000|
            |    0.444(F)|    3.891(F)|R_7_cmp_eq0000    |   0.000|
Reg_I<6>    |   -2.326(R)|    4.297(R)|R_0_not0001       |   0.000|
            |   -1.790(F)|    3.998(F)|R_1_cmp_eq0000    |   0.000|
            |   -3.274(F)|    5.615(F)|R_2_cmp_eq0000    |   0.000|
            |   -1.954(F)|    4.203(F)|R_3_cmp_eq0000    |   0.000|
            |   -3.246(F)|    5.581(F)|R_4_cmp_eq0000    |   0.000|
            |   -2.693(F)|    4.884(F)|R_5_cmp_eq0000    |   0.000|
            |    0.519(F)|    3.798(F)|R_6_cmp_eq0000    |   0.000|
            |    0.558(F)|    3.750(F)|R_7_cmp_eq0000    |   0.000|
Reg_I<7>    |   -2.127(R)|    4.137(R)|R_0_not0001       |   0.000|
            |   -2.224(F)|    4.345(F)|R_1_cmp_eq0000    |   0.000|
            |   -2.927(F)|    5.337(F)|R_2_cmp_eq0000    |   0.000|
            |   -2.388(F)|    4.550(F)|R_3_cmp_eq0000    |   0.000|
            |   -2.899(F)|    5.303(F)|R_4_cmp_eq0000    |   0.000|
            |   -2.479(F)|    4.713(F)|R_5_cmp_eq0000    |   0.000|
            |    0.514(F)|    3.805(F)|R_6_cmp_eq0000    |   0.000|
            |    0.554(F)|    3.755(F)|R_7_cmp_eq0000    |   0.000|
------------+------------+------------+------------------+--------+

Setup/Hold to clock c2
------------+------------+------------+------------------+--------+
            |  Setup to  |  Hold to   |                  | Clock  |
Source      | clk (edge) | clk (edge) |Internal Clock(s) | Phase  |
------------+------------+------------+------------------+--------+
IR_O<0>     |   23.821(F)|   -3.066(F)|c2_BUFGP          |   0.000|
IR_O<1>     |   24.108(F)|   -3.258(F)|c2_BUFGP          |   0.000|
IR_O<2>     |   22.964(F)|   -3.209(F)|c2_BUFGP          |   0.000|
IR_O<3>     |   20.162(F)|   -3.833(F)|c2_BUFGP          |   0.000|
IR_O<4>     |   19.704(F)|   -3.547(F)|c2_BUFGP          |   0.000|
IR_O<5>     |   19.390(F)|   -3.207(F)|c2_BUFGP          |   0.000|
IR_O<6>     |   19.746(F)|   -2.971(F)|c2_BUFGP          |   0.000|
IR_O<7>     |   19.250(F)|   -2.706(F)|c2_BUFGP          |   0.000|
IR_O<8>     |   23.916(F)|   -4.677(F)|c2_BUFGP          |   0.000|
IR_O<9>     |   24.156(F)|   -4.591(F)|c2_BUFGP          |   0.000|
IR_O<10>    |   23.725(F)|   -4.307(F)|c2_BUFGP          |   0.000|
IR_O<11>    |   16.983(F)|   -3.304(F)|c2_BUFGP          |   0.000|
IR_O<12>    |   18.398(F)|   -4.114(F)|c2_BUFGP          |   0.000|
IR_O<13>    |   18.093(F)|   -3.677(F)|c2_BUFGP          |   0.000|
IR_O<14>    |   16.034(F)|   -2.950(F)|c2_BUFGP          |   0.000|
IR_O<15>    |   17.191(F)|   -0.287(F)|c2_BUFGP          |   0.000|
reset       |   13.381(F)|   -5.383(F)|c2_BUFGP          |   0.000|
------------+------------+------------+------------------+--------+

Clock Reg_C to Pad
------------+------------+------------------+--------+
            | clk (edge) |                  | Clock  |
Destination |   to PAD   |Internal Clock(s) | Phase  |
------------+------------+------------------+--------+
AD_O<0>     |    7.863(R)|Reg_C_BUFGP       |   0.000|
AD_O<1>     |    8.524(R)|Reg_C_BUFGP       |   0.000|
AD_O<2>     |    9.250(R)|Reg_C_BUFGP       |   0.000|
AD_O<3>     |    7.917(R)|Reg_C_BUFGP       |   0.000|
AD_O<4>     |    9.070(R)|Reg_C_BUFGP       |   0.000|
AD_O<5>     |    7.954(R)|Reg_C_BUFGP       |   0.000|
AD_O<6>     |    8.956(R)|Reg_C_BUFGP       |   0.000|
AD_O<7>     |    8.523(R)|Reg_C_BUFGP       |   0.000|
AD_O<8>     |    8.832(R)|Reg_C_BUFGP       |   0.000|
AD_O<9>     |    9.384(R)|Reg_C_BUFGP       |   0.000|
AD_O<10>    |    7.668(R)|Reg_C_BUFGP       |   0.000|
AD_O<11>    |    7.687(R)|Reg_C_BUFGP       |   0.000|
AD_O<12>    |    9.227(R)|Reg_C_BUFGP       |   0.000|
AD_O<13>    |    7.723(R)|Reg_C_BUFGP       |   0.000|
AD_O<14>    |    7.395(R)|Reg_C_BUFGP       |   0.000|
AD_O<15>    |    8.736(R)|Reg_C_BUFGP       |   0.000|
------------+------------+------------------+--------+

Clock Reg_N<0> to Pad
------------+------------+------------------+--------+
            | clk (edge) |                  | Clock  |
Destination |   to PAD   |Internal Clock(s) | Phase  |
------------+------------+------------------+--------+
Cy          |   24.681(R)|R_0_not0001       |   0.000|
            |   25.098(F)|R_1_cmp_eq0000    |   0.000|
            |   25.047(F)|R_2_cmp_eq0000    |   0.000|
            |   24.778(F)|R_3_cmp_eq0000    |   0.000|
            |   25.161(F)|R_4_cmp_eq0000    |   0.000|
            |   24.890(F)|R_5_cmp_eq0000    |   0.000|
            |   26.172(F)|R_6_cmp_eq0000    |   0.000|
            |   27.256(F)|R_7_cmp_eq0000    |   0.000|
aluout<0>   |   33.018(R)|R_0_not0001       |   0.000|
            |   33.435(F)|R_1_cmp_eq0000    |   0.000|
            |   33.384(F)|R_2_cmp_eq0000    |   0.000|
            |   33.115(F)|R_3_cmp_eq0000    |   0.000|
            |   33.498(F)|R_4_cmp_eq0000    |   0.000|
            |   33.227(F)|R_5_cmp_eq0000    |   0.000|
            |   34.509(F)|R_6_cmp_eq0000    |   0.000|
            |   35.593(F)|R_7_cmp_eq0000    |   0.000|
aluout<1>   |   33.452(R)|R_0_not0001       |   0.000|
            |   33.869(F)|R_1_cmp_eq0000    |   0.000|
            |   33.818(F)|R_2_cmp_eq0000    |   0.000|
            |   33.549(F)|R_3_cmp_eq0000    |   0.000|
            |   33.932(F)|R_4_cmp_eq0000    |   0.000|
            |   33.661(F)|R_5_cmp_eq0000    |   0.000|
            |   34.943(F)|R_6_cmp_eq0000    |   0.000|
            |   36.027(F)|R_7_cmp_eq0000    |   0.000|
aluout<2>   |   24.786(R)|R_0_not0001       |   0.000|
            |   25.203(F)|R_1_cmp_eq0000    |   0.000|
            |   25.152(F)|R_2_cmp_eq0000    |   0.000|
            |   24.342(F)|R_3_cmp_eq0000    |   0.000|
            |   24.640(F)|R_4_cmp_eq0000    |   0.000|
            |   24.252(F)|R_5_cmp_eq0000    |   0.000|
            |   25.711(F)|R_6_cmp_eq0000    |   0.000|
            |   27.118(F)|R_7_cmp_eq0000    |   0.000|
aluout<3>   |   25.750(R)|R_0_not0001       |   0.000|
            |   26.167(F)|R_1_cmp_eq0000    |   0.000|
            |   26.116(F)|R_2_cmp_eq0000    |   0.000|
            |   25.306(F)|R_3_cmp_eq0000    |   0.000|
            |   25.604(F)|R_4_cmp_eq0000    |   0.000|
            |   25.216(F)|R_5_cmp_eq0000    |   0.000|
            |   26.675(F)|R_6_cmp_eq0000    |   0.000|
            |   28.082(F)|R_7_cmp_eq0000    |   0.000|
aluout<4>   |   24.466(R)|R_0_not0001       |   0.000|
            |   24.883(F)|R_1_cmp_eq0000    |   0.000|
            |   24.832(F)|R_2_cmp_eq0000    |   0.000|
            |   24.022(F)|R_3_cmp_eq0000    |   0.000|
            |   24.320(F)|R_4_cmp_eq0000    |   0.000|
            |   24.215(F)|R_5_cmp_eq0000    |   0.000|
            |   25.391(F)|R_6_cmp_eq0000    |   0.000|
            |   26.798(F)|R_7_cmp_eq0000    |   0.000|
aluout<5>   |   24.806(R)|R_0_not0001       |   0.000|
            |   25.223(F)|R_1_cmp_eq0000    |   0.000|
            |   25.172(F)|R_2_cmp_eq0000    |   0.000|
            |   24.362(F)|R_3_cmp_eq0000    |   0.000|
            |   24.660(F)|R_4_cmp_eq0000    |   0.000|
            |   24.555(F)|R_5_cmp_eq0000    |   0.000|
            |   25.731(F)|R_6_cmp_eq0000    |   0.000|
            |   27.138(F)|R_7_cmp_eq0000    |   0.000|
aluout<6>   |   24.332(R)|R_0_not0001       |   0.000|
            |   24.749(F)|R_1_cmp_eq0000    |   0.000|
            |   24.698(F)|R_2_cmp_eq0000    |   0.000|
            |   23.888(F)|R_3_cmp_eq0000    |   0.000|
            |   24.186(F)|R_4_cmp_eq0000    |   0.000|
            |   24.081(F)|R_5_cmp_eq0000    |   0.000|
            |   25.257(F)|R_6_cmp_eq0000    |   0.000|
            |   26.664(F)|R_7_cmp_eq0000    |   0.000|
aluout<7>   |   24.969(R)|R_0_not0001       |   0.000|
            |   25.386(F)|R_1_cmp_eq0000    |   0.000|
            |   25.335(F)|R_2_cmp_eq0000    |   0.000|
            |   24.525(F)|R_3_cmp_eq0000    |   0.000|
            |   24.823(F)|R_4_cmp_eq0000    |   0.000|
            |   24.718(F)|R_5_cmp_eq0000    |   0.000|
            |   25.894(F)|R_6_cmp_eq0000    |   0.000|
            |   27.301(F)|R_7_cmp_eq0000    |   0.000|
------------+------------+------------------+--------+

Clock Reg_N<1> to Pad
------------+------------+------------------+--------+
            | clk (edge) |                  | Clock  |
Destination |   to PAD   |Internal Clock(s) | Phase  |
------------+------------+------------------+--------+
Cy          |   23.939(R)|R_0_not0001       |   0.000|
            |   24.391(F)|R_1_cmp_eq0000    |   0.000|
            |   24.529(F)|R_2_cmp_eq0000    |   0.000|
            |   24.202(F)|R_3_cmp_eq0000    |   0.000|
            |   24.752(F)|R_4_cmp_eq0000    |   0.000|
            |   24.441(F)|R_5_cmp_eq0000    |   0.000|
            |   26.064(F)|R_6_cmp_eq0000    |   0.000|
            |   27.108(F)|R_7_cmp_eq0000    |   0.000|
aluout<0>   |   32.276(R)|R_0_not0001       |   0.000|
            |   32.728(F)|R_1_cmp_eq0000    |   0.000|
            |   32.866(F)|R_2_cmp_eq0000    |   0.000|
            |   32.539(F)|R_3_cmp_eq0000    |   0.000|
            |   33.089(F)|R_4_cmp_eq0000    |   0.000|
            |   32.778(F)|R_5_cmp_eq0000    |   0.000|
            |   34.401(F)|R_6_cmp_eq0000    |   0.000|
            |   35.445(F)|R_7_cmp_eq0000    |   0.000|
aluout<1>   |   32.710(R)|R_0_not0001       |   0.000|
            |   33.162(F)|R_1_cmp_eq0000    |   0.000|
            |   33.300(F)|R_2_cmp_eq0000    |   0.000|
            |   32.973(F)|R_3_cmp_eq0000    |   0.000|
            |   33.523(F)|R_4_cmp_eq0000    |   0.000|
            |   33.212(F)|R_5_cmp_eq0000    |   0.000|
            |   34.835(F)|R_6_cmp_eq0000    |   0.000|
            |   35.879(F)|R_7_cmp_eq0000    |   0.000|
aluout<2>   |   24.044(R)|R_0_not0001       |   0.000|
            |   24.496(F)|R_1_cmp_eq0000    |   0.000|
            |   24.634(F)|R_2_cmp_eq0000    |   0.000|
            |   23.766(F)|R_3_cmp_eq0000    |   0.000|
            |   24.231(F)|R_4_cmp_eq0000    |   0.000|
            |   23.803(F)|R_5_cmp_eq0000    |   0.000|
            |   25.603(F)|R_6_cmp_eq0000    |   0.000|
            |   26.970(F)|R_7_cmp_eq0000    |   0.000|
aluout<3>   |   25.008(R)|R_0_not0001       |   0.000|
            |   25.460(F)|R_1_cmp_eq0000    |   0.000|
            |   25.598(F)|R_2_cmp_eq0000    |   0.000|
            |   24.730(F)|R_3_cmp_eq0000    |   0.000|
            |   25.195(F)|R_4_cmp_eq0000    |   0.000|
            |   24.767(F)|R_5_cmp_eq0000    |   0.000|
            |   26.567(F)|R_6_cmp_eq0000    |   0.000|
            |   27.934(F)|R_7_cmp_eq0000    |   0.000|
aluout<4>   |   23.724(R)|R_0_not0001       |   0.000|
            |   24.176(F)|R_1_cmp_eq0000    |   0.000|
            |   24.314(F)|R_2_cmp_eq0000    |   0.000|
            |   23.446(F)|R_3_cmp_eq0000    |   0.000|
            |   23.911(F)|R_4_cmp_eq0000    |   0.000|
            |   23.766(F)|R_5_cmp_eq0000    |   0.000|
            |   25.283(F)|R_6_cmp_eq0000    |   0.000|
            |   26.650(F)|R_7_cmp_eq0000    |   0.000|
aluout<5>   |   24.064(R)|R_0_not0001       |   0.000|
            |   24.516(F)|R_1_cmp_eq0000    |   0.000|
            |   24.654(F)|R_2_cmp_eq0000    |   0.000|
            |   23.786(F)|R_3_cmp_eq0000    |   0.000|
            |   24.251(F)|R_4_cmp_eq0000    |   0.000|
            |   24.106(F)|R_5_cmp_eq0000    |   0.000|
            |   25.623(F)|R_6_cmp_eq0000    |   0.000|
            |   26.990(F)|R_7_cmp_eq0000    |   0.000|
aluout<6>   |   23.590(R)|R_0_not0001       |   0.000|
            |   24.042(F)|R_1_cmp_eq0000    |   0.000|
            |   24.180(F)|R_2_cmp_eq0000    |   0.000|
            |   23.312(F)|R_3_cmp_eq0000    |   0.000|
            |   23.777(F)|R_4_cmp_eq0000    |   0.000|
            |   23.632(F)|R_5_cmp_eq0000    |   0.000|
            |   25.149(F)|R_6_cmp_eq0000    |   0.000|
            |   26.516(F)|R_7_cmp_eq0000    |   0.000|
aluout<7>   |   24.227(R)|R_0_not0001       |   0.000|
            |   24.679(F)|R_1_cmp_eq0000    |   0.000|
            |   24.817(F)|R_2_cmp_eq0000    |   0.000|
            |   23.949(F)|R_3_cmp_eq0000    |   0.000|
            |   24.414(F)|R_4_cmp_eq0000    |   0.000|
            |   24.269(F)|R_5_cmp_eq0000    |   0.000|
            |   25.786(F)|R_6_cmp_eq0000    |   0.000|
            |   27.153(F)|R_7_cmp_eq0000    |   0.000|
------------+------------+------------------+--------+

Clock Reg_N<2> to Pad
------------+------------+------------------+--------+
            | clk (edge) |                  | Clock  |
Destination |   to PAD   |Internal Clock(s) | Phase  |
------------+------------+------------------+--------+
Cy          |   24.235(R)|R_0_not0001       |   0.000|
            |   24.712(F)|R_1_cmp_eq0000    |   0.000|
            |   25.768(F)|R_2_cmp_eq0000    |   0.000|
            |   25.434(F)|R_3_cmp_eq0000    |   0.000|
            |   25.827(F)|R_4_cmp_eq0000    |   0.000|
            |   25.491(F)|R_5_cmp_eq0000    |   0.000|
            |   25.771(F)|R_6_cmp_eq0000    |   0.000|
            |   26.790(F)|R_7_cmp_eq0000    |   0.000|
aluout<0>   |   32.572(R)|R_0_not0001       |   0.000|
            |   33.049(F)|R_1_cmp_eq0000    |   0.000|
            |   34.105(F)|R_2_cmp_eq0000    |   0.000|
            |   33.771(F)|R_3_cmp_eq0000    |   0.000|
            |   34.164(F)|R_4_cmp_eq0000    |   0.000|
            |   33.828(F)|R_5_cmp_eq0000    |   0.000|
            |   34.108(F)|R_6_cmp_eq0000    |   0.000|
            |   35.127(F)|R_7_cmp_eq0000    |   0.000|
aluout<1>   |   33.006(R)|R_0_not0001       |   0.000|
            |   33.483(F)|R_1_cmp_eq0000    |   0.000|
            |   34.539(F)|R_2_cmp_eq0000    |   0.000|
            |   34.205(F)|R_3_cmp_eq0000    |   0.000|
            |   34.598(F)|R_4_cmp_eq0000    |   0.000|
            |   34.262(F)|R_5_cmp_eq0000    |   0.000|
            |   34.542(F)|R_6_cmp_eq0000    |   0.000|
            |   35.561(F)|R_7_cmp_eq0000    |   0.000|
aluout<2>   |   24.340(R)|R_0_not0001       |   0.000|
            |   24.817(F)|R_1_cmp_eq0000    |   0.000|
            |   25.873(F)|R_2_cmp_eq0000    |   0.000|
            |   24.998(F)|R_3_cmp_eq0000    |   0.000|
            |   25.306(F)|R_4_cmp_eq0000    |   0.000|
            |   24.853(F)|R_5_cmp_eq0000    |   0.000|
            |   25.310(F)|R_6_cmp_eq0000    |   0.000|
            |   26.652(F)|R_7_cmp_eq0000    |   0.000|
aluout<3>   |   25.304(R)|R_0_not0001       |   0.000|
            |   25.781(F)|R_1_cmp_eq0000    |   0.000|
            |   26.837(F)|R_2_cmp_eq0000    |   0.000|
            |   25.962(F)|R_3_cmp_eq0000    |   0.000|
            |   26.270(F)|R_4_cmp_eq0000    |   0.000|
            |   25.817(F)|R_5_cmp_eq0000    |   0.000|
            |   26.274(F)|R_6_cmp_eq0000    |   0.000|
            |   27.616(F)|R_7_cmp_eq0000    |   0.000|
aluout<4>   |   24.020(R)|R_0_not0001       |   0.000|
            |   24.497(F)|R_1_cmp_eq0000    |   0.000|
            |   25.553(F)|R_2_cmp_eq0000    |   0.000|
            |   24.678(F)|R_3_cmp_eq0000    |   0.000|
            |   24.986(F)|R_4_cmp_eq0000    |   0.000|
            |   24.816(F)|R_5_cmp_eq0000    |   0.000|
            |   24.990(F)|R_6_cmp_eq0000    |   0.000|
            |   26.332(F)|R_7_cmp_eq0000    |   0.000|
aluout<5>   |   24.360(R)|R_0_not0001       |   0.000|
            |   24.837(F)|R_1_cmp_eq0000    |   0.000|
            |   25.893(F)|R_2_cmp_eq0000    |   0.000|
            |   25.018(F)|R_3_cmp_eq0000    |   0.000|
            |   25.326(F)|R_4_cmp_eq0000    |   0.000|
            |   25.156(F)|R_5_cmp_eq0000    |   0.000|
            |   25.330(F)|R_6_cmp_eq0000    |   0.000|
            |   26.672(F)|R_7_cmp_eq0000    |   0.000|
aluout<6>   |   23.886(R)|R_0_not0001       |   0.000|
            |   24.363(F)|R_1_cmp_eq0000    |   0.000|
            |   25.419(F)|R_2_cmp_eq0000    |   0.000|
            |   24.544(F)|R_3_cmp_eq0000    |   0.000|
            |   24.852(F)|R_4_cmp_eq0000    |   0.000|
            |   24.682(F)|R_5_cmp_eq0000    |   0.000|
            |   24.856(F)|R_6_cmp_eq0000    |   0.000|
            |   26.198(F)|R_7_cmp_eq0000    |   0.000|
aluout<7>   |   24.523(R)|R_0_not0001       |   0.000|
            |   25.000(F)|R_1_cmp_eq0000    |   0.000|
            |   26.056(F)|R_2_cmp_eq0000    |   0.000|
            |   25.181(F)|R_3_cmp_eq0000    |   0.000|
            |   25.489(F)|R_4_cmp_eq0000    |   0.000|
            |   25.319(F)|R_5_cmp_eq0000    |   0.000|
            |   25.493(F)|R_6_cmp_eq0000    |   0.000|
            |   26.835(F)|R_7_cmp_eq0000    |   0.000|
------------+------------+------------------+--------+

Clock c2 to Pad
------------+------------+------------------+--------+
            | clk (edge) |                  | Clock  |
Destination |   to PAD   |Internal Clock(s) | Phase  |
------------+------------+------------------+--------+
Z           |    6.168(F)|c2_BUFGP          |   0.000|
------------+------------+------------------+--------+

Clock to Setup on destination clock Reg_C
---------------+---------+---------+---------+---------+
               | Src:Rise| Src:Fall| Src:Rise| Src:Fall|
Source Clock   |Dest:Rise|Dest:Rise|Dest:Fall|Dest:Fall|
---------------+---------+---------+---------+---------+
Reg_C          |   10.891|   10.891|         |         |
Reg_N<0>       |   19.527|   21.197|         |         |
Reg_N<1>       |   19.527|   21.197|         |         |
Reg_N<2>       |   19.527|   21.197|         |         |
c2             |   12.324|   12.324|         |         |
---------------+---------+---------+---------+---------+

Clock to Setup on destination clock Reg_N<0>
---------------+---------+---------+---------+---------+
               | Src:Rise| Src:Fall| Src:Rise| Src:Fall|
Source Clock   |Dest:Rise|Dest:Rise|Dest:Fall|Dest:Fall|
---------------+---------+---------+---------+---------+
Reg_C          |    1.206|    1.206|    2.378|    2.378|
---------------+---------+---------+---------+---------+

Clock to Setup on destination clock Reg_N<1>
---------------+---------+---------+---------+---------+
               | Src:Rise| Src:Fall| Src:Rise| Src:Fall|
Source Clock   |Dest:Rise|Dest:Rise|Dest:Fall|Dest:Fall|
---------------+---------+---------+---------+---------+
Reg_C          |    1.799|    1.799|    2.839|    2.839|
---------------+---------+---------+---------+---------+

Clock to Setup on destination clock Reg_N<2>
---------------+---------+---------+---------+---------+
               | Src:Rise| Src:Fall| Src:Rise| Src:Fall|
Source Clock   |Dest:Rise|Dest:Rise|Dest:Fall|Dest:Fall|
---------------+---------+---------+---------+---------+
Reg_C          |    1.562|    1.562|    1.853|    1.853|
---------------+---------+---------+---------+---------+

Clock to Setup on destination clock c2
---------------+---------+---------+---------+---------+
               | Src:Rise| Src:Fall| Src:Rise| Src:Fall|
Source Clock   |Dest:Rise|Dest:Rise|Dest:Fall|Dest:Fall|
---------------+---------+---------+---------+---------+
Reg_C          |         |         |   15.152|   15.152|
Reg_N<0>       |         |         |   23.787|   25.457|
Reg_N<1>       |         |         |   23.787|   25.457|
Reg_N<2>       |         |         |   23.787|   25.457|
c2             |         |         |   16.585|   16.585|
---------------+---------+---------+---------+---------+

Pad to Pad
---------------+---------------+---------+
Source Pad     |Destination Pad|  Delay  |
---------------+---------------+---------+
IR_O<0>        |Cy             |   20.317|
IR_O<0>        |aluout<0>      |   28.654|
IR_O<0>        |aluout<1>      |   29.088|
IR_O<0>        |aluout<2>      |   18.618|
IR_O<0>        |aluout<3>      |   18.613|
IR_O<0>        |aluout<4>      |   19.166|
IR_O<0>        |aluout<5>      |   19.549|
IR_O<0>        |aluout<6>      |   18.982|
IR_O<0>        |aluout<7>      |   19.413|
IR_O<1>        |Cy             |   20.604|
IR_O<1>        |aluout<0>      |   28.941|
IR_O<1>        |aluout<1>      |   29.375|
IR_O<1>        |aluout<2>      |   18.757|
IR_O<1>        |aluout<3>      |   18.904|
IR_O<1>        |aluout<4>      |   19.698|
IR_O<1>        |aluout<5>      |   19.611|
IR_O<1>        |aluout<6>      |   19.024|
IR_O<1>        |aluout<7>      |   19.618|
IR_O<2>        |Cy             |   19.460|
IR_O<2>        |aluout<0>      |   27.797|
IR_O<2>        |aluout<1>      |   28.231|
IR_O<2>        |aluout<2>      |   17.762|
IR_O<2>        |aluout<3>      |   17.757|
IR_O<2>        |aluout<4>      |   18.498|
IR_O<2>        |aluout<5>      |   18.693|
IR_O<2>        |aluout<6>      |   18.125|
IR_O<2>        |aluout<7>      |   18.556|
IR_O<3>        |Cy             |   16.658|
IR_O<3>        |aluout<0>      |   24.995|
IR_O<3>        |aluout<1>      |   25.429|
IR_O<3>        |aluout<3>      |   16.332|
IR_O<3>        |aluout<4>      |   15.569|
IR_O<3>        |aluout<5>      |   15.909|
IR_O<3>        |aluout<6>      |   15.435|
IR_O<3>        |aluout<7>      |   16.072|
IR_O<4>        |Cy             |   16.200|
IR_O<4>        |aluout<0>      |   24.537|
IR_O<4>        |aluout<1>      |   24.971|
IR_O<4>        |aluout<4>      |   14.850|
IR_O<4>        |aluout<5>      |   15.364|
IR_O<4>        |aluout<6>      |   15.162|
IR_O<4>        |aluout<7>      |   15.799|
IR_O<5>        |Cy             |   15.886|
IR_O<5>        |aluout<0>      |   24.223|
IR_O<5>        |aluout<1>      |   24.657|
IR_O<5>        |aluout<5>      |   14.604|
IR_O<5>        |aluout<6>      |   14.651|
IR_O<5>        |aluout<7>      |   15.288|
IR_O<6>        |Cy             |   16.242|
IR_O<6>        |aluout<0>      |   24.579|
IR_O<6>        |aluout<1>      |   25.013|
IR_O<6>        |aluout<6>      |   14.620|
IR_O<6>        |aluout<7>      |   15.431|
IR_O<7>        |Cy             |   15.746|
IR_O<7>        |aluout<0>      |   24.083|
IR_O<7>        |aluout<1>      |   24.517|
IR_O<7>        |aluout<7>      |   14.710|
IR_O<8>        |Cy             |   20.412|
IR_O<8>        |aluout<0>      |   28.749|
IR_O<8>        |aluout<1>      |   29.183|
IR_O<8>        |aluout<2>      |   20.012|
IR_O<8>        |aluout<3>      |   20.976|
IR_O<8>        |aluout<4>      |   19.692|
IR_O<8>        |aluout<5>      |   20.032|
IR_O<8>        |aluout<6>      |   19.558|
IR_O<8>        |aluout<7>      |   20.195|
IR_O<9>        |Cy             |   20.652|
IR_O<9>        |aluout<0>      |   28.989|
IR_O<9>        |aluout<1>      |   29.423|
IR_O<9>        |aluout<2>      |   20.757|
IR_O<9>        |aluout<3>      |   21.721|
IR_O<9>        |aluout<4>      |   20.437|
IR_O<9>        |aluout<5>      |   20.777|
IR_O<9>        |aluout<6>      |   20.303|
IR_O<9>        |aluout<7>      |   20.940|
IR_O<10>       |Cy             |   20.221|
IR_O<10>       |aluout<0>      |   28.558|
IR_O<10>       |aluout<1>      |   28.992|
IR_O<10>       |aluout<2>      |   19.791|
IR_O<10>       |aluout<3>      |   20.755|
IR_O<10>       |aluout<4>      |   19.471|
IR_O<10>       |aluout<5>      |   19.811|
IR_O<10>       |aluout<6>      |   19.337|
IR_O<10>       |aluout<7>      |   19.974|
IR_O<11>       |Cy             |   13.479|
IR_O<11>       |aluout<0>      |   21.816|
IR_O<11>       |aluout<1>      |   22.250|
IR_O<11>       |aluout<2>      |   15.618|
IR_O<11>       |aluout<3>      |   15.341|
IR_O<11>       |aluout<4>      |   15.098|
IR_O<11>       |aluout<5>      |   15.354|
IR_O<11>       |aluout<6>      |   14.666|
IR_O<11>       |aluout<7>      |   15.413|
IR_O<12>       |Cy             |   14.894|
IR_O<12>       |aluout<0>      |   23.231|
IR_O<12>       |aluout<1>      |   23.665|
IR_O<12>       |aluout<2>      |   15.888|
IR_O<12>       |aluout<3>      |   15.923|
IR_O<12>       |aluout<4>      |   16.040|
IR_O<12>       |aluout<5>      |   16.011|
IR_O<12>       |aluout<6>      |   15.262|
IR_O<12>       |aluout<7>      |   15.816|
IR_O<13>       |Cy             |   14.589|
IR_O<13>       |aluout<0>      |   22.926|
IR_O<13>       |aluout<1>      |   23.360|
IR_O<13>       |aluout<2>      |   15.871|
IR_O<13>       |aluout<3>      |   15.556|
IR_O<13>       |aluout<4>      |   15.180|
IR_O<13>       |aluout<5>      |   15.151|
IR_O<13>       |aluout<6>      |   14.586|
IR_O<13>       |aluout<7>      |   15.127|
IR_O<14>       |Cy             |   12.530|
IR_O<14>       |aluout<0>      |   20.867|
IR_O<14>       |aluout<1>      |   21.301|
IR_O<14>       |aluout<2>      |   14.850|
IR_O<14>       |aluout<3>      |   14.824|
IR_O<14>       |aluout<4>      |   14.941|
IR_O<14>       |aluout<5>      |   14.912|
IR_O<14>       |aluout<6>      |   14.112|
IR_O<14>       |aluout<7>      |   14.717|
IR_O<15>       |Cy             |   13.687|
IR_O<15>       |aluout<0>      |   22.024|
IR_O<15>       |aluout<1>      |   22.458|
IR_O<15>       |aluout<2>      |   10.692|
IR_O<15>       |aluout<3>      |   10.214|
IR_O<15>       |aluout<4>      |   10.497|
IR_O<15>       |aluout<5>      |   11.167|
IR_O<15>       |aluout<6>      |   10.095|
IR_O<15>       |aluout<7>      |   10.930|
Reg_C          |Cy             |   11.648|
Reg_C          |aluout<0>      |   19.985|
Reg_C          |aluout<1>      |   20.419|
Reg_C          |aluout<2>      |   12.170|
Reg_C          |aluout<3>      |   11.692|
Reg_C          |aluout<4>      |   11.975|
Reg_C          |aluout<5>      |   12.645|
Reg_C          |aluout<6>      |   11.573|
Reg_C          |aluout<7>      |   12.408|
c2             |Cy             |   13.081|
c2             |aluout<0>      |   21.418|
c2             |aluout<1>      |   21.852|
c2             |aluout<2>      |   11.736|
c2             |aluout<3>      |   11.258|
c2             |aluout<4>      |   11.541|
c2             |aluout<5>      |   12.211|
c2             |aluout<6>      |   11.139|
c2             |aluout<7>      |   11.974|
reset          |Cy             |    9.877|
reset          |aluout<0>      |   18.214|
reset          |aluout<1>      |   18.648|
reset          |aluout<2>      |   10.167|
reset          |aluout<3>      |    9.689|
reset          |aluout<4>      |    9.972|
reset          |aluout<5>      |   10.642|
reset          |aluout<6>      |    9.570|
reset          |aluout<7>      |   10.405|
---------------+---------------+---------+


Analysis completed Sat Nov 23 20:09:01 2013
--------------------------------------------------------------------------------

Trace Settings:
-------------------------
Trace Settings 

Peak Memory Usage: 134 MB



